2025-01-12 09:59:10 INFO Server Starting server version 3.4.2
2025-01-12 10:00:01 INFO AuthService User 'john' logged in from IP 192.168.1.10
2025-01-12 10:00:45 WARN DBService Slow query detected on table 'users'
2025-01-12 10:01:22 INFO PaymentService Payment initiated for order #1001
2025-01-12 10:01:55 ERROR PaymentService Payment failed for order #1001
2025-01-12 10:02:11 INFO CacheService Cache updated for key 'dashboard_stats'
2025-01-12 10:02:40 INFO OrderService Order #1002 created by user 'emma'
2025-01-12 10:03:10 WARN AuthService Multiple login attempts for user 'john'
2025-01-12 10:03:59 INFO AuthService User 'mike' logged in from IP 192.168.1.30
2025-01-12 10:04:20 ERROR DBService Connection timeout to database
2025-01-12 10:04:35 INFO OrderService Order #1002 completed
2025-01-12 10:05:14 INFO NotificationService Email sent to 'emma@example.com'
2025-01-12 10:05:50 INFO PaymentService Payment successful for order #1003
2025-01-12 10:06:30 WARN CacheService Cache miss for key 'user_profile_201'
2025-01-12 10:06:55 INFO AuthService User 'emma' logged out
2025-01-12 10:07:23 INFO PaymentService Payment initiated for order #1004
2025-01-12 10:07:59 ERROR PaymentService Payment declined for order #1004
2025-01-12 10:08:15 INFO OrderService Order #1005 created by user 'john'
2025-01-12 10:08:50 WARN DBService High latency observed
2025-01-12 10:09:34 ERROR CacheService Failed to update cache for key 'order_1005'
2025-01-12 10:09:59 INFO AuthService User 'john' logged out
2025-01-12 10:10:22 INFO AuthService User 'emma' logged in from IP 192.168.1.22
2025-01-12 10:10:40 INFO PaymentService Payment successful for order #1005
2025-01-12 10:11:12 WARN AuthService Invalid token for user 'guest'
2025-01-12 10:11:59 INFO OrderService Order #1006 created by user 'emma'
2025-01-12 10:12:45 ERROR DBService Deadlock detected on table 'orders'
2025-01-12 10:13:01 INFO Server Health check OK
2025-01-12 10:13:22 WARN NotificationService Email sending delay detected
2025-01-12 10:14:10 INFO PaymentService Payment initiated for order #1007
2025-01-12 10:14:40 INFO PaymentService Payment successful for order #1007
2025-01-12 10:15:05 ERROR AuthService Session expired for user 'mike'
2025-01-12 10:15:42 INFO NotificationService SMS notification sent to user 'mike'
2025-01-12 10:16:11 INFO AuthService User 'mike' logged out
2025-01-12 10:16:55 INFO CacheService Cache refreshed
2025-01-12 10:17:20 WARN PaymentService Retry attempt for order #1008
2025-01-12 10:17:40 INFO PaymentService Payment successful for order #1008
2025-01-12 10:18:09 ERROR OrderService Failed to create order for user 'guest'
2025-01-12 10:18:44 INFO AuditService Activity logged for user 'emma'
2025-01-12 10:19:10 WARN AuditService Suspicious attempt detected
2025-01-12 10:19:55 INFO Server Status: Active clients=42 CPU=30% RAM=65%
2025-01-12 10:20:21 INFO Server Shutting down for maintenance